2025-11-27 20:55:31 | INFO | tests | INICIO prueba: tests/e2e/test_full_flow.py::test_health — sin descripción | Marcas: ninguna | Parámetros: ninguno
2025-11-27 20:55:41 | INFO | apscheduler.scheduler | Adding job tentatively -- it will be properly scheduled when the scheduler starts
2025-11-27 20:55:41 | INFO | apscheduler.scheduler | Added job "verificar_alertas" to job store "default"
2025-11-27 20:55:41 | INFO | apscheduler.scheduler | Scheduler started
2025-11-27 20:55:41 | INFO | httpx | HTTP Request: GET http://testserver/ "HTTP/1.1 200 OK"
2025-11-27 20:55:41 | INFO | tests | FIN prueba: tests/e2e/test_full_flow.py::test_health -> OK (15.5 ms)
2025-11-27 20:55:41 | INFO | tests | INICIO prueba: tests/e2e/test_full_flow.py::test_price_flow — sin descripción | Marcas: ninguna | Parámetros: ninguno
2025-11-27 20:55:41 | INFO | sentence_transformers.SentenceTransformer | Use pytorch device_name: cpu
2025-11-27 20:55:41 | INFO | sentence_transformers.SentenceTransformer | Load pretrained SentenceTransformer: paraphrase-multilingual-MiniLM-L12-v2
2025-11-27 20:55:45 | INFO | httpx | HTTP Request: GET https://query1.finance.yahoo.com/v1/finance/search?q=PRECIO+DE+APPLE&quotesCount=6&newsCount=0 "HTTP/1.1 200 OK"
2025-11-27 20:55:47 | INFO | httpx | HTTP Request: POST http://testserver/api/consulta "HTTP/1.1 200 OK"
2025-11-27 20:55:47 | INFO | tests | FIN prueba: tests/e2e/test_full_flow.py::test_price_flow -> OK (6374.0 ms)
2025-11-27 20:55:47 | INFO | tests | INICIO prueba: tests/e2e/test_full_flow.py::test_alert_flow — sin descripción | Marcas: ninguna | Parámetros: ninguno
2025-11-27 20:55:47 | INFO | httpx | HTTP Request: POST http://testserver/api/consulta "HTTP/1.1 200 OK"
2025-11-27 20:55:47 | INFO | httpx | HTTP Request: GET http://testserver/api/debug/alertas "HTTP/1.1 200 OK"
2025-11-27 20:55:47 | INFO | tests | FIN prueba: tests/e2e/test_full_flow.py::test_alert_flow -> OK (51.6 ms)
2025-11-27 20:55:47 | INFO | tests | INICIO prueba: tests/e2e/test_full_flow.py::test_explain_flow — sin descripción | Marcas: ninguna | Parámetros: ninguno
2025-11-27 20:55:48 | INFO | httpx | HTTP Request: GET https://news.google.com/rss/search?q=AAPL+OR+%22Aapl%22+stock+when:7d&hl=es-419&gl=CL&ceid=CL:es-419 "HTTP/1.1 200 OK"
2025-11-27 20:55:48 | INFO | httpx | HTTP Request: GET http://testserver/api/explain/AAPL "HTTP/1.1 200 OK"
2025-11-27 20:55:48 | INFO | tests | FIN prueba: tests/e2e/test_full_flow.py::test_explain_flow -> OK (1265.8 ms)
