<?xml version="1.0" encoding="utf-8"?><testsuites name="pytest tests"><testsuite name="pytest" errors="0" failures="0" skipped="0" tests="12" time="13.327" timestamp="2025-11-08T00:57:59.276306-03:00" hostname="pc-grande"><testcase classname="tests.test_explain" name="test_explain_handles_llm_timeout" time="0.504" /><testcase classname="tests.test_intent" name="test_intent_financiero_adapter" time="12.087" /><testcase classname="tests.test_intent" name="test_intent_alerta_adapter" time="0.034" /><testcase classname="tests.test_intent" name="test_intent_general_adapter" time="0.031" /><testcase classname="tests.test_market" name="test_fast_info_preferred" time="0.002" /><testcase classname="tests.test_market" name="test_fallback_to_history_when_no_lastprice" time="0.003" /><testcase classname="tests.test_market" name="test_cache_ttl_no_extra_history_on_second_call" time="0.004" /><testcase classname="tests.test_news" name="test_news_pipeline_fallback_rss" time="0.002" /><testcase classname="tests.test_news_rank" name="test_temporal_first_and_missing_ts_goes_last" time="0.002" /><testcase classname="tests.test_news_rank" name="test_window_filter_prefers_in_window" time="0.002" /><testcase classname="tests.test_news_rank" name="test_trust_whitelist_boost" time="0.002" /><testcase classname="tests.test_symbols" name="test_direct_ticker_returns_same" time="0.002" /></testsuite></testsuites>